{
  "workflowRunCount" : 1,
  "studies" : [ "TGL07" ],
  "sequencerRuns" : [ "171129_NB551051_0040_AH53W3BGX5" ],
  "lanes" : [ "171129_NB551051_0040_AH53W3BGX5_lane_1" ],
  "samples" : [ "TGL07_0008_Sk_P_PE_280_WT" ],
  "workflows" : [ "CASAVA" ],
  "processingAlgorithms" : [ "ProvisionFiles" ],
  "fileMetaTypes" : [ "chemical/seq-na-fastq-gzip" ],
  "maxInputFiles" : 2,
  "minInputFiles" : 2,
  "totalInputFiles" : 2,
  "maxOutputFileProvenanceRecords" : 1,
  "minOutputFileProvenanceRecords" : 1,
  "totalOutputFileProvenanceRecords" : 1,
  "workflowRuns" : [ {
    "workflowIni" : {
      "external_name" : "TGL07_0008_Sk_P_PE_280_WT",
      "fusion_inspect" : "validate",
      "input_read1_fastq" : "/.mounts/labs/TGL/production2/seqware-results/CASAVA_2.9.1/57268142/SWID_11780637_TGL07_0008_Sk_P_PE_280_WT_171121_171129_NB551051_0040_AH53W3BGX5_GGCTAC_L001_R1_001.fastq.gz",
      "input_read2_fastq" : "/.mounts/labs/TGL/production2/seqware-results/CASAVA_2.9.1/57268142/SWID_11780637_TGL07_0008_Sk_P_PE_280_WT_171121_171129_NB551051_0040_AH53W3BGX5_GGCTAC_L001_R2_001.fastq.gz",
      "manual_output" : "false",
      "metadata" : "metadata",
      "output_dir" : "seqware-results",
      "perl" : "/oicr/local/analysis/sw/perl/perl-5.22.2-tgl",
      "ref_genome_dir" : "/oicr/local/analysis/sw/starfusion/STAR-Fusion-v1.4.0/genomes/GRCh37_v19_CTAT_lib_Feb092018/ctat_genome_lib_build_dir",
      "samtools" : "/oicr/local/analysis/sw//samtools/samtools-1.2",
      "star" : "/oicr/local/analysis/sw/star/STAR-2.6.0c/bin/Linux_x86_64_static",
      "starfusion" : "/oicr/local/analysis/sw/starfusion/STAR-Fusion-v1.4.0",
      "starfusion_mem" : "64",
      "tabix" : "/oicr/local/analysis/sw/tabix/tabix-0.2.6",
      "tmp_dir" : "tmp"
    },
    "files" : [ {
      "studyTitle" : [ "TGL07" ],
      "studyAttributes" : { },
      "experimentName" : [ ],
      "experimentAttributes" : { },
      "sampleName" : [ "TGL07_0008_Sk_P_PE_280_WT" ],
      "sampleAttributes" : {
        "geo_external_name" : [ [ "IMP-00961" ] ],
        "geo_group_id" : [ [ "171121" ] ],
        "geo_library_source_template_type" : [ [ "WT" ] ],
        "geo_organism" : [ [ "Homo sapiens" ] ],
        "geo_prep_kit" : [ [ "TruSeq_Stranded_TotalRNA" ] ],
        "geo_purpose" : [ [ "Library" ] ],
        "geo_receive_date" : [ [ "2017-09-08" ] ],
        "geo_run_id_and_position" : [ [ "2926_1" ] ],
        "geo_str_result" : [ [ "Not Submitted" ] ],
        "geo_template_type" : [ [ "Illumina PE Library" ] ],
        "geo_tissue_origin" : [ [ "Sk" ] ],
        "geo_tissue_preparation" : [ [ "FFPE" ] ],
        "geo_tissue_type" : [ [ "P" ] ]
      },
      "sequencerRunName" : [ "171129_NB551051_0040_AH53W3BGX5" ],
      "sequencerRunAttributes" : {
        "instrument_name" : [ [ "NB551051" ] ]
      },
      "laneName" : [ "171129_NB551051_0040_AH53W3BGX5_lane_1" ],
      "laneAttributes" : { },
      "iusTag" : [ "GGCTAC" ],
      "iusAttributes" : { },
      "workflowName" : [ "CASAVA" ],
      "processingAlgorithm" : [ "ProvisionFiles" ],
      "processingAttributes" : { },
      "fileMetaType" : [ "chemical/seq-na-fastq-gzip" ],
      "fileAttributes" : { },
      "fileId" : -436751709
    }, {
      "studyTitle" : [ "TGL07" ],
      "studyAttributes" : { },
      "experimentName" : [ ],
      "experimentAttributes" : { },
      "sampleName" : [ "TGL07_0008_Sk_P_PE_280_WT" ],
      "sampleAttributes" : {
        "geo_external_name" : [ [ "IMP-00961" ] ],
        "geo_group_id" : [ [ "171121" ] ],
        "geo_library_source_template_type" : [ [ "WT" ] ],
        "geo_organism" : [ [ "Homo sapiens" ] ],
        "geo_prep_kit" : [ [ "TruSeq_Stranded_TotalRNA" ] ],
        "geo_purpose" : [ [ "Library" ] ],
        "geo_receive_date" : [ [ "2017-09-08" ] ],
        "geo_run_id_and_position" : [ [ "2926_1" ] ],
        "geo_str_result" : [ [ "Not Submitted" ] ],
        "geo_template_type" : [ [ "Illumina PE Library" ] ],
        "geo_tissue_origin" : [ [ "Sk" ] ],
        "geo_tissue_preparation" : [ [ "FFPE" ] ],
        "geo_tissue_type" : [ [ "P" ] ]
      },
      "sequencerRunName" : [ "171129_NB551051_0040_AH53W3BGX5" ],
      "sequencerRunAttributes" : {
        "instrument_name" : [ [ "NB551051" ] ]
      },
      "laneName" : [ "171129_NB551051_0040_AH53W3BGX5_lane_1" ],
      "laneAttributes" : { },
      "iusTag" : [ "GGCTAC" ],
      "iusAttributes" : { },
      "workflowName" : [ "CASAVA" ],
      "processingAlgorithm" : [ "ProvisionFiles" ],
      "processingAttributes" : { },
      "fileMetaType" : [ "chemical/seq-na-fastq-gzip" ],
      "fileAttributes" : { },
      "fileId" : -942310334
    } ],
    "outputFileProvenanceRecords" : 1
  } ]
}